[19:33:59] [main/INFO] (Launcher) ModLauncher running: args [--launchTarget, forgeclientdev, --version, 21.1.201, --assetIndex, 1.21.1-17, --assetsDir, C:\Users\Master\.gradle\caches\fabric-loom\assets, --gameDir, ., --fml.fmlVersion, 4.0.41, --fml.mcVersion, 1.21.1, --fml.neoForgeVersion, 21.1.201, --fml.neoFormVersion, 20240808.144430]
[19:33:59] [main/INFO] (Launcher) JVM identified as Oracle Corporation Java HotSpot(TM) 64-Bit Server VM 21.0.7+8-LTS-245
[19:33:59] [main/INFO] (Launcher) ModLauncher 11.0.5+main.901c6ea8 starting: java version 21.0.7 by Oracle Corporation; OS Windows 11 arch amd64 version 10.0
[19:34:00] [main/INFO] (ImmediateWindowHandler) Loading ImmediateWindowProvider fmlearlywindow
[19:34:00] [main/INFO] (EARLYDISPLAY) Trying GL version 4.6
[19:34:00] [main/INFO] (EARLYDISPLAY) Requested GL version 4.6 got version 4.6
[19:34:01] [main/INFO] (mixin) SpongePowered MIXIN Subsystem Version=0.8.7 Source=union:/C:/Users/Master/.gradle/caches/modules-2/files-2.1/net.fabricmc/sponge-mixin/0.15.2+mixin.0.8.7/2af2f021d8e02a0220dc27a7a72b4666d66d44ca/sponge-mixin-0.15.2+mixin.0.8.7.jar%23125!/ Service=ModLauncher Env=CLIENT
[19:34:01] [main/INFO] (ModDiscoverer) Found mod file "neoforge-21.1.201-minecraft-merged-1.21.1-loom.mappings.1_21_1.layered+hash.477322616-v2-neoforge-21.1.201.jar" [locator: neoforge devenv provider ([C:\Users\Master\.gradle\caches\fabric-loom\minecraftMaven\net\minecraft\neoforge-21.1.201-minecraft-merged\1.21.1-loom.mappings.1_21_1.layered+hash.477322616-v2-neoforge-21.1.201\neoforge-21.1.201-minecraft-merged-1.21.1-loom.mappings.1_21_1.layered+hash.477322616-v2-neoforge-21.1.201.jar])]
[19:34:01] [pool-2-thread-1/INFO] (EARLYDISPLAY) GL info: NVIDIA GeForce GTX 1060 6GB/PCIe/SSE2 GL version 4.6.0 NVIDIA 580.88, NVIDIA Corporation
[19:34:01] [main/INFO] (ModDiscoverer) Found mod file "neoforge-21.1.201-minecraft-merged-1.21.1-loom.mappings.1_21_1.layered+hash.477322616-v2-neoforge-21.1.201.jar" [locator: neoforge devenv provider ([C:\Users\Master\.gradle\caches\fabric-loom\minecraftMaven\net\minecraft\neoforge-21.1.201-minecraft-merged\1.21.1-loom.mappings.1_21_1.layered+hash.477322616-v2-neoforge-21.1.201\neoforge-21.1.201-minecraft-merged-1.21.1-loom.mappings.1_21_1.layered+hash.477322616-v2-neoforge-21.1.201.jar])]
[19:34:01] [main/INFO] (ModDiscoverer) Found mod file "main" [locator: userdev mods and services, reader: mod manifest]
[19:34:01] [main/INFO] (ModDiscoverer) Found mod file "neoforge-21.1.201-minecraft-merged-1.21.1-loom.mappings.1_21_1.layered+hash.477322616-v2-neoforge-21.1.201.jar" [locator: userdev mods and services, reader: mod manifest]
[19:34:01] [main/INFO] (ModDiscoverer) Found gamelibrary file "mixinextras-neoforge-0.5.0.jar" [locator: userdev mods and services, reader: mod manifest]
[19:34:02] [main/WARN] (JarSelector) Attempted to select a dependency jar for JarJar which was passed in as source: library:mixinextras.neoforge. Using Mod File: C:\Users\Master\.gradle\caches\modules-2\files-2.1\io.github.llamalad7\mixinextras-neoforge\0.5.0\d734b83ce6542bb70ea31755c1595b88992dbe65\mixinextras-neoforge-0.5.0.jar
[19:34:02] [main/INFO] (JarInJarDependencyLocator) Found 1 dependencies adding them to mods collection
[19:34:02] [main/INFO] (ModDiscoverer) Found library file "net.neoforged.neoforge-coremods-21.1.201.jar" [parent: neoforge-21.1.201-minecraft-merged-1.21.1-loom.mappings.1_21_1.layered+hash.477322616-v2-neoforge-21.1.201.jar, locator: jarinjar, reader: mod manifest]
[19:34:02] [main/INFO] (ModDiscoverer) 
     Mod List:
		Name Version (Mod Id)

		Minecraft 1.21.1 (minecraft)
		NeoForge 21.1.201 (neoforge)
		Simple Copy 1.0.1 (simplecopy)
[19:34:03] [main/INFO] (mixin) Compatibility level set to JAVA_21
[19:34:03] [main/INFO] (LaunchServiceHandler) Launching target 'forgeclientdev' with arguments [--version, 21.1.201, --gameDir, ., --assetsDir, C:\Users\Master\.gradle\caches\fabric-loom\assets, --assetIndex, 1.21.1-17]
[19:34:04] [main/INFO] (unprotect) Found 8262 Minecraft classes
[16Sep2025 19:34:10.169] [Datafixer Bootstrap/INFO] [com.mojang.datafixers.DataFixerBuilder/]: 229 Datafixer optimizations took 719 milliseconds
[16Sep2025 19:34:10.781] [pool-7-thread-1/INFO] [MixinExtras|Service/]: Initializing MixinExtras via com.llamalad7.mixinextras.service.MixinExtrasServiceImpl(version=0.5.0).
[16Sep2025 19:34:23.776] [main/WARN] [net.minecraft.server.command.CommandManager/]: Ambiguity between arguments [teleport, location] and [teleport, destination] with inputs: [0.1 -0.5 .9, 0 0 0]
[16Sep2025 19:34:23.779] [main/WARN] [net.minecraft.server.command.CommandManager/]: Ambiguity between arguments [teleport, location] and [teleport, targets] with inputs: [0.1 -0.5 .9, 0 0 0]
[16Sep2025 19:34:23.787] [main/WARN] [net.minecraft.server.command.CommandManager/]: Ambiguity between arguments [teleport, destination] and [teleport, targets] with inputs: [Player, 0123, @e, dd12be42-52a9-4a91-a8a1-11c01849e498]
[16Sep2025 19:34:23.789] [main/WARN] [net.minecraft.server.command.CommandManager/]: Ambiguity between arguments [teleport, targets] and [teleport, destination] with inputs: [Player, 0123, dd12be42-52a9-4a91-a8a1-11c01849e498]
[16Sep2025 19:34:23.792] [main/WARN] [net.minecraft.server.command.CommandManager/]: Ambiguity between arguments [teleport, targets, location] and [teleport, targets, destination] with inputs: [0.1 -0.5 .9, 0 0 0]
[16Sep2025 19:34:24.079] [Render thread/WARN] [net.minecraft.resource.DefaultResourcePackBuilder/]: Assets URL 'union:/C:/Users/Master/.gradle/caches/fabric-loom/minecraftMaven/net/minecraft/neoforge-21.1.201-minecraft-merged/1.21.1-loom.mappings.1_21_1.layered+hash.477322616-v2-neoforge-21.1.201/neoforge-21.1.201-minecraft-merged-1.21.1-loom.mappings.1_21_1.layered+hash.477322616-v2-neoforge-21.1.201.jar%23198!/assets/.mcassetsroot' uses unexpected schema
[16Sep2025 19:34:24.079] [Render thread/WARN] [net.minecraft.resource.DefaultResourcePackBuilder/]: Assets URL 'union:/C:/Users/Master/.gradle/caches/fabric-loom/minecraftMaven/net/minecraft/neoforge-21.1.201-minecraft-merged/1.21.1-loom.mappings.1_21_1.layered+hash.477322616-v2-neoforge-21.1.201/neoforge-21.1.201-minecraft-merged-1.21.1-loom.mappings.1_21_1.layered+hash.477322616-v2-neoforge-21.1.201.jar%23198!/data/.mcassetsroot' uses unexpected schema
[16Sep2025 19:34:24.202] [Render thread/INFO] [com.mojang.authlib.yggdrasil.YggdrasilAuthenticationService/]: Environment: Environment[sessionHost=https://sessionserver.mojang.com, servicesHost=https://api.minecraftservices.com, name=PROD]
[16Sep2025 19:34:24.233] [Render thread/INFO] [net.minecraft.client.MinecraftClient/]: Setting user: Dev
[16Sep2025 19:34:24.496] [Render thread/INFO] [net.minecraft.client.MinecraftClient/]: Backend library: LWJGL version 3.3.3+5
[16Sep2025 19:34:25.141] [modloading-worker-0/INFO] [net.neoforged.neoforge.common.NeoForgeMod/NEOFORGE-MOD]: NeoForge mod loading, version 21.1.201, for MC 1.21.1
[16Sep2025 19:34:26.415] [Render thread/INFO] [net.neoforged.neoforge.gametest.GameTestHooks/]: Enabled Gametest Namespaces: []
[16Sep2025 19:34:26.665] [Render thread/INFO] [net.minecraft.resource.ReloadableResourceManagerImpl/]: Reloading ResourceManager: vanilla, mod_resources, mod/simplecopy, mod/neoforge
[16Sep2025 19:34:27.016] [Worker-Main-7/INFO] [net.minecraft.client.font.UnihexFont/]: Found unifont_all_no_pua-15.1.05.hex, loading
[16Sep2025 19:34:27.237] [Worker-Main-1/INFO] [net.minecraft.client.font.UnihexFont/]: Found unifont_jp_patch-15.1.05.hex, loading
[16Sep2025 19:34:29.762] [Render thread/WARN] [net.minecraft.client.sound.SoundSystem/]: Missing sound for event: minecraft:item.goat_horn.play
[16Sep2025 19:34:29.763] [Render thread/WARN] [net.minecraft.client.sound.SoundSystem/]: Missing sound for event: minecraft:entity.goat.screaming.horn_break
[16Sep2025 19:34:29.866] [Render thread/INFO] [net.minecraft.client.sound.SoundEngine/]: OpenAL initialized on device OpenAL Soft on Speakers (USB-C Audio)
[16Sep2025 19:34:29.868] [Render thread/INFO] [net.minecraft.client.sound.SoundSystem/SOUNDS]: Sound engine started
[16Sep2025 19:34:30.021] [Render thread/INFO] [net.minecraft.client.texture.SpriteAtlasTexture/]: Created: 1024x512x4 minecraft:textures/atlas/blocks.png-atlas
[16Sep2025 19:34:30.045] [Render thread/INFO] [net.minecraft.client.texture.SpriteAtlasTexture/]: Created: 256x256x4 minecraft:textures/atlas/signs.png-atlas
[16Sep2025 19:34:30.045] [Render thread/INFO] [net.minecraft.client.texture.SpriteAtlasTexture/]: Created: 512x512x4 minecraft:textures/atlas/shield_patterns.png-atlas
[16Sep2025 19:34:30.048] [Render thread/INFO] [net.minecraft.client.texture.SpriteAtlasTexture/]: Created: 512x512x4 minecraft:textures/atlas/banner_patterns.png-atlas
[16Sep2025 19:34:30.049] [Render thread/INFO] [net.minecraft.client.texture.SpriteAtlasTexture/]: Created: 1024x1024x4 minecraft:textures/atlas/armor_trims.png-atlas
[16Sep2025 19:34:30.058] [Render thread/INFO] [net.minecraft.client.texture.SpriteAtlasTexture/]: Created: 128x64x4 minecraft:textures/atlas/decorated_pot.png-atlas
[16Sep2025 19:34:30.059] [Render thread/INFO] [net.minecraft.client.texture.SpriteAtlasTexture/]: Created: 256x256x4 minecraft:textures/atlas/chest.png-atlas
[16Sep2025 19:34:30.060] [Render thread/INFO] [net.minecraft.client.texture.SpriteAtlasTexture/]: Created: 512x256x4 minecraft:textures/atlas/shulker_boxes.png-atlas
[16Sep2025 19:34:30.060] [Render thread/INFO] [net.minecraft.client.texture.SpriteAtlasTexture/]: Created: 512x256x4 minecraft:textures/atlas/beds.png-atlas
[16Sep2025 19:34:30.606] [Render thread/INFO] [net.minecraft.client.texture.SpriteAtlasTexture/]: Created: 512x256x0 minecraft:textures/atlas/particles.png-atlas
[16Sep2025 19:34:30.612] [Render thread/INFO] [net.minecraft.client.texture.SpriteAtlasTexture/]: Created: 512x256x0 minecraft:textures/atlas/paintings.png-atlas
[16Sep2025 19:34:30.612] [Render thread/INFO] [net.minecraft.client.texture.SpriteAtlasTexture/]: Created: 256x128x0 minecraft:textures/atlas/mob_effects.png-atlas
[16Sep2025 19:34:30.613] [Render thread/INFO] [net.minecraft.client.texture.SpriteAtlasTexture/]: Created: 64x64x0 minecraft:textures/atlas/map_decorations.png-atlas
[16Sep2025 19:34:30.613] [Render thread/INFO] [net.minecraft.client.texture.SpriteAtlasTexture/]: Created: 1024x512x0 minecraft:textures/atlas/gui.png-atlas
[16Sep2025 19:34:30.666] [Render thread/WARN] [net.minecraft.client.gl.ShaderProgram/]: Shader rendertype_entity_translucent_emissive could not find sampler named Sampler2 in the specified shader program.
[16Sep2025 19:34:30.803] [Render thread/INFO] [net.neoforged.neoforge.client.entity.animation.json.AnimationLoader/]: Loaded 0 entity animations
[16Sep2025 19:35:11.379] [Render thread/INFO] [net.minecraft.client.MinecraftClient/]: Stopping!
